// Jest Snapshot v1, https://goo.gl/fbAQLP

exports[`application renders as expected 1`] = `
<div>
  <h1>
    Hello React
  </h1>
</div>
`;
